// Jest Snapshot v1, https://goo.gl/fbAQLP

exports[`renders correctly 1`] = `
ShallowWrapper {
  Symbol(enzyme.__root__): [Circular],
  Symbol(enzyme.__unrendered__): <AudioIcon
    autoplay={false}
    hideIfNoSource={true}
    isSrcLoading={false}
    size={26}
    sizeIcon={16}
    src="audio.mp3"
  />,
  Symbol(enzyme.__renderer__): Object {
    "batchedUpdates": [Function],
    "checkPropTypes": [Function],
    "getNode": [Function],
    "render": [Function],
    "simulateError": [Function],
    "simulateEvent": [Function],
    "unmount": [Function],
  },
  Symbol(enzyme.__node__): Object {
    "instance": null,
    "key": undefined,
    "nodeType": "function",
    "props": Object {
      "children": Array [
        <FloatingActionButton
          disabled={true}
          iconStyle={
            Object {
              "height": 26,
              "width": 26,
            }
          }
          mini={false}
          onClick={[Function]}
          secondary={false}
          style={
            Object {
              "height": 26,
              "lineHeight": "26px",
              "width": 26,
            }
          }
          zDepth={2}
        >
          <NotificationSync
            className="animation-spinning"
            style={
              Object {
                "width": 16,
              }
            }
          />
        </FloatingActionButton>,
        false,
      ],
    },
    "ref": null,
    "rendered": Array [
      Object {
        "instance": null,
        "key": undefined,
        "nodeType": "class",
        "props": Object {
          "children": Array [
            <NotificationSync
              className="animation-spinning"
              style={
                Object {
                  "width": 16,
                }
              }
            />,
            false,
            false,
          ],
          "disabled": true,
          "iconStyle": Object {
            "height": 26,
            "width": 26,
          },
          "mini": false,
          "onClick": [Function],
          "secondary": false,
          "style": Object {
            "height": 26,
            "lineHeight": "26px",
            "width": 26,
          },
          "zDepth": 2,
        },
        "ref": null,
        "rendered": Array [
          Object {
            "instance": null,
            "key": undefined,
            "nodeType": "class",
            "props": Object {
              "className": "animation-spinning",
              "style": Object {
                "width": 16,
              },
            },
            "ref": null,
            "rendered": null,
            "type": [Function],
          },
          false,
          false,
        ],
        "type": [Function],
      },
      false,
    ],
    "type": Symbol(react.fragment),
  },
  Symbol(enzyme.__nodes__): Array [
    Object {
      "instance": null,
      "key": undefined,
      "nodeType": "function",
      "props": Object {
        "children": Array [
          <FloatingActionButton
            disabled={true}
            iconStyle={
              Object {
                "height": 26,
                "width": 26,
              }
            }
            mini={false}
            onClick={[Function]}
            secondary={false}
            style={
              Object {
                "height": 26,
                "lineHeight": "26px",
                "width": 26,
              }
            }
            zDepth={2}
          >
            <NotificationSync
              className="animation-spinning"
              style={
                Object {
                  "width": 16,
                }
              }
            />
          </FloatingActionButton>,
          false,
        ],
      },
      "ref": null,
      "rendered": Array [
        Object {
          "instance": null,
          "key": undefined,
          "nodeType": "class",
          "props": Object {
            "children": Array [
              <NotificationSync
                className="animation-spinning"
                style={
                  Object {
                    "width": 16,
                  }
                }
              />,
              false,
              false,
            ],
            "disabled": true,
            "iconStyle": Object {
              "height": 26,
              "width": 26,
            },
            "mini": false,
            "onClick": [Function],
            "secondary": false,
            "style": Object {
              "height": 26,
              "lineHeight": "26px",
              "width": 26,
            },
            "zDepth": 2,
          },
          "ref": null,
          "rendered": Array [
            Object {
              "instance": null,
              "key": undefined,
              "nodeType": "class",
              "props": Object {
                "className": "animation-spinning",
                "style": Object {
                  "width": 16,
                },
              },
              "ref": null,
              "rendered": null,
              "type": [Function],
            },
            false,
            false,
          ],
          "type": [Function],
        },
        false,
      ],
      "type": Symbol(react.fragment),
    },
  ],
  Symbol(enzyme.__options__): Object {
    "adapter": ReactSixteenAdapter {
      "options": Object {
        "enableComponentDidUpdateOnSetState": true,
        "legacyContextMode": "parent",
        "lifecycles": Object {
          "componentDidUpdate": Object {
            "onSetState": true,
          },
          "getChildContext": Object {
            "calledByRenderer": false,
          },
          "getDerivedStateFromProps": Object {
            "hasShouldComponentUpdateBug": false,
          },
          "getSnapshotBeforeUpdate": true,
          "setState": Object {
            "skipsComponentDidUpdateOnNullish": true,
          },
        },
      },
    },
  },
  Symbol(enzyme.__childContext__): null,
}
`;
