// Jest Snapshot v1, https://goo.gl/fbAQLP

exports[`renders correctly 1`] = `
ShallowWrapper {
  Symbol(enzyme.__root__): [Circular],
  Symbol(enzyme.__unrendered__): <PhraseWordPreview
    endIndex={11}
    id="abc123"
    phrase="Lorem ipsum dolor"
    startIndex={6}
  />,
  Symbol(enzyme.__renderer__): Object {
    "batchedUpdates": [Function],
    "checkPropTypes": [Function],
    "getNode": [Function],
    "render": [Function],
    "simulateError": [Function],
    "simulateEvent": [Function],
    "unmount": [Function],
  },
  Symbol(enzyme.__node__): Object {
    "instance": null,
    "key": undefined,
    "nodeType": "host",
    "props": Object {
      "children": Array [
        <p
          className="phrase-word__phrase"
        >
          Lorem 
          <span
            className="text-weight-bold"
          >
            ipsum
          </span>
           
           dolor
        </p>,
        <div
          className="phrase-word__action"
        />,
      ],
      "className": "phrase-word",
      "style": undefined,
    },
    "ref": null,
    "rendered": Array [
      Object {
        "instance": null,
        "key": undefined,
        "nodeType": "host",
        "props": Object {
          "children": Array [
            "Lorem ",
            <span
              className="text-weight-bold"
            >
              ipsum
            </span>,
            " ",
            " dolor",
          ],
          "className": "phrase-word__phrase",
        },
        "ref": null,
        "rendered": Array [
          "Lorem ",
          Object {
            "instance": null,
            "key": undefined,
            "nodeType": "host",
            "props": Object {
              "children": "ipsum",
              "className": "text-weight-bold",
            },
            "ref": null,
            "rendered": "ipsum",
            "type": "span",
          },
          " ",
          " dolor",
        ],
        "type": "p",
      },
      Object {
        "instance": null,
        "key": undefined,
        "nodeType": "host",
        "props": Object {
          "children": Array [
            undefined,
            undefined,
          ],
          "className": "phrase-word__action",
        },
        "ref": null,
        "rendered": Array [
          undefined,
          undefined,
        ],
        "type": "div",
      },
    ],
    "type": "div",
  },
  Symbol(enzyme.__nodes__): Array [
    Object {
      "instance": null,
      "key": undefined,
      "nodeType": "host",
      "props": Object {
        "children": Array [
          <p
            className="phrase-word__phrase"
          >
            Lorem 
            <span
              className="text-weight-bold"
            >
              ipsum
            </span>
             
             dolor
          </p>,
          <div
            className="phrase-word__action"
          />,
        ],
        "className": "phrase-word",
        "style": undefined,
      },
      "ref": null,
      "rendered": Array [
        Object {
          "instance": null,
          "key": undefined,
          "nodeType": "host",
          "props": Object {
            "children": Array [
              "Lorem ",
              <span
                className="text-weight-bold"
              >
                ipsum
              </span>,
              " ",
              " dolor",
            ],
            "className": "phrase-word__phrase",
          },
          "ref": null,
          "rendered": Array [
            "Lorem ",
            Object {
              "instance": null,
              "key": undefined,
              "nodeType": "host",
              "props": Object {
                "children": "ipsum",
                "className": "text-weight-bold",
              },
              "ref": null,
              "rendered": "ipsum",
              "type": "span",
            },
            " ",
            " dolor",
          ],
          "type": "p",
        },
        Object {
          "instance": null,
          "key": undefined,
          "nodeType": "host",
          "props": Object {
            "children": Array [
              undefined,
              undefined,
            ],
            "className": "phrase-word__action",
          },
          "ref": null,
          "rendered": Array [
            undefined,
            undefined,
          ],
          "type": "div",
        },
      ],
      "type": "div",
    },
  ],
  Symbol(enzyme.__options__): Object {
    "adapter": ReactSixteenAdapter {
      "options": Object {
        "enableComponentDidUpdateOnSetState": true,
        "legacyContextMode": "parent",
        "lifecycles": Object {
          "componentDidUpdate": Object {
            "onSetState": true,
          },
          "getChildContext": Object {
            "calledByRenderer": false,
          },
          "getDerivedStateFromProps": Object {
            "hasShouldComponentUpdateBug": false,
          },
          "getSnapshotBeforeUpdate": true,
          "setState": Object {
            "skipsComponentDidUpdateOnNullish": true,
          },
        },
      },
    },
  },
}
`;
