// Jest Snapshot v1, https://goo.gl/fbAQLP

exports[`renders correctly 1`] = `
ShallowWrapper {
  Symbol(enzyme.__root__): [Circular],
  Symbol(enzyme.__unrendered__): <Popup
    isActive={false}
  >
    <p>
      Lorem impsum
    </p>
  </Popup>,
  Symbol(enzyme.__renderer__): Object {
    "batchedUpdates": [Function],
    "checkPropTypes": [Function],
    "getNode": [Function],
    "render": [Function],
    "simulateError": [Function],
    "simulateEvent": [Function],
    "unmount": [Function],
  },
  Symbol(enzyme.__node__): Object {
    "instance": null,
    "key": undefined,
    "nodeType": "function",
    "props": Object {
      "children": Array [
        <Cover
          isActive={false}
          onClick={[Function]}
          rate={0.5}
        />,
        <Paper
          circle={false}
          className="popup"
          rounded={true}
          style={
            Object {
              "borderRadius": 5,
              "maxHeight": "calc(100% - 30px - 0px) ",
              "top": 0,
            }
          }
          transitionEnabled={true}
          zDepth={2}
        >
          <h2
            className="mb25 text-center"
          />
          <div
            className="popup__content"
          >
            <p>
              Lorem impsum
            </p>
          </div>
        </Paper>,
      ],
    },
    "ref": null,
    "rendered": Array [
      Object {
        "instance": null,
        "key": undefined,
        "nodeType": "function",
        "props": Object {
          "isActive": false,
          "onClick": [Function],
          "rate": 0.5,
        },
        "ref": null,
        "rendered": null,
        "type": [Function],
      },
      Object {
        "instance": null,
        "key": undefined,
        "nodeType": "class",
        "props": Object {
          "children": Array [
            <h2
              className="mb25 text-center"
            />,
            <div
              className="popup__content"
            >
              <p>
                Lorem impsum
              </p>
            </div>,
          ],
          "circle": false,
          "className": "popup",
          "rounded": true,
          "style": Object {
            "borderRadius": 5,
            "maxHeight": "calc(100% - 30px - 0px) ",
            "top": 0,
          },
          "transitionEnabled": true,
          "zDepth": 2,
        },
        "ref": null,
        "rendered": Array [
          Object {
            "instance": null,
            "key": undefined,
            "nodeType": "host",
            "props": Object {
              "children": undefined,
              "className": "mb25 text-center",
            },
            "ref": null,
            "rendered": null,
            "type": "h2",
          },
          Object {
            "instance": null,
            "key": undefined,
            "nodeType": "host",
            "props": Object {
              "children": <p>
                Lorem impsum
              </p>,
              "className": "popup__content",
            },
            "ref": null,
            "rendered": Object {
              "instance": null,
              "key": undefined,
              "nodeType": "host",
              "props": Object {
                "children": "Lorem impsum",
              },
              "ref": null,
              "rendered": "Lorem impsum",
              "type": "p",
            },
            "type": "div",
          },
        ],
        "type": [Function],
      },
    ],
    "type": Symbol(react.fragment),
  },
  Symbol(enzyme.__nodes__): Array [
    Object {
      "instance": null,
      "key": undefined,
      "nodeType": "function",
      "props": Object {
        "children": Array [
          <Cover
            isActive={false}
            onClick={[Function]}
            rate={0.5}
          />,
          <Paper
            circle={false}
            className="popup"
            rounded={true}
            style={
              Object {
                "borderRadius": 5,
                "maxHeight": "calc(100% - 30px - 0px) ",
                "top": 0,
              }
            }
            transitionEnabled={true}
            zDepth={2}
          >
            <h2
              className="mb25 text-center"
            />
            <div
              className="popup__content"
            >
              <p>
                Lorem impsum
              </p>
            </div>
          </Paper>,
        ],
      },
      "ref": null,
      "rendered": Array [
        Object {
          "instance": null,
          "key": undefined,
          "nodeType": "function",
          "props": Object {
            "isActive": false,
            "onClick": [Function],
            "rate": 0.5,
          },
          "ref": null,
          "rendered": null,
          "type": [Function],
        },
        Object {
          "instance": null,
          "key": undefined,
          "nodeType": "class",
          "props": Object {
            "children": Array [
              <h2
                className="mb25 text-center"
              />,
              <div
                className="popup__content"
              >
                <p>
                  Lorem impsum
                </p>
              </div>,
            ],
            "circle": false,
            "className": "popup",
            "rounded": true,
            "style": Object {
              "borderRadius": 5,
              "maxHeight": "calc(100% - 30px - 0px) ",
              "top": 0,
            },
            "transitionEnabled": true,
            "zDepth": 2,
          },
          "ref": null,
          "rendered": Array [
            Object {
              "instance": null,
              "key": undefined,
              "nodeType": "host",
              "props": Object {
                "children": undefined,
                "className": "mb25 text-center",
              },
              "ref": null,
              "rendered": null,
              "type": "h2",
            },
            Object {
              "instance": null,
              "key": undefined,
              "nodeType": "host",
              "props": Object {
                "children": <p>
                  Lorem impsum
                </p>,
                "className": "popup__content",
              },
              "ref": null,
              "rendered": Object {
                "instance": null,
                "key": undefined,
                "nodeType": "host",
                "props": Object {
                  "children": "Lorem impsum",
                },
                "ref": null,
                "rendered": "Lorem impsum",
                "type": "p",
              },
              "type": "div",
            },
          ],
          "type": [Function],
        },
      ],
      "type": Symbol(react.fragment),
    },
  ],
  Symbol(enzyme.__options__): Object {
    "adapter": ReactSixteenAdapter {
      "options": Object {
        "enableComponentDidUpdateOnSetState": true,
        "legacyContextMode": "parent",
        "lifecycles": Object {
          "componentDidUpdate": Object {
            "onSetState": true,
          },
          "getChildContext": Object {
            "calledByRenderer": false,
          },
          "getDerivedStateFromProps": Object {
            "hasShouldComponentUpdateBug": false,
          },
          "getSnapshotBeforeUpdate": true,
          "setState": Object {
            "skipsComponentDidUpdateOnNullish": true,
          },
        },
      },
    },
  },
}
`;
